
> lapuffonline@1.0.0 build
> vite build


warn - The class `ease-[cubic-bezier(0.22,1,0.36,1)]` is ambiguous and matches multiple utilities.
warn - If this is content and not a class, replace it with `ease-&lsqb;cubic-bezier(0.22,1,0.36,1)&rsqb;` to silence this warning.
